Γ£à Loaded environment variables from tests/.env

≡ƒÜÇ Twenty CRM Resource Metadata Explorer
Purpose: Discover properties for intelligent resource grouping


================================================================================
TEST 1: Get All Object Metadata (Complete Fields)
================================================================================


≡ƒöù Making request to: https://twenty.envisicapital.com/metadata
≡ƒô¥ Protocol: HTTPS
≡ƒôí Response Status: 200 OK
≡ƒôÑ Response received (22681 bytes)
≡ƒôª Raw API Response:
{
  "objects": {
    "edges": [
      {
        "node": {
          "id": "fe0928e9-6e1d-4443-9c89-2b960ec871f6",
          "nameSingular": "workspaceMember",
          "namePlural": "workspaceMembers",
          "shortcut": null,
          "isCustom": false,
          "isRemote": false,
          "isActive": true,
          "isSystem": true,
          "isUIReadOnly": false,
          "isSearchable": true,
          "isLabelSyncedWithName": false,
          "createdAt": "2025-10-05T21:35:37.313Z",
          "updatedAt": "2025-10-05T21:35:37.313Z",
          "labelIdentifierFieldMetadataId": "d3182baa-b0b3-4965-a6f2-1971463964f2",
          "imageIdentifierFieldMetadataId": "e1642b6e-a317-4acd-b305-438dd4bc451d",
          "labelSingular": "Workspace Member",
          "labelPlural": "Workspace Members",
          "description": "A workspace member",
          "icon": "IconUserCircle"
        }
      },
      {
        "node": {
          "id": "f0079785-81c1-43f3-b56f-6e5060c2d14f",
          "nameSingular": "workflow",
          "namePlural": "workflows",
          "shortcut": "W",
          "isCustom": false,
          "isRemote": false,
          "isActive": true,
          "isSystem": false,
          "isUIReadOnly": false,
          "isSearchable": false,
          "isLabelSyncedWithName": false,
          "createdAt": "2025-10-05T21:35:37.313Z",
          "updatedAt": "2025-10-05T21:35:37.313Z",
          "labelIdentifierFieldMetadataId": "b9b2ee14-05f0-406f-a110-5a5659548efa",
          "imageIdentifierFieldMetadataId": null,
          "labelSingular": "Workflow",
          "labelPlural": "Workflows",
          "description": "A workflow",
          "icon": "IconSettingsAutomation"
        }
      },
      {
        "node": {
          "id": "e6a6fe6c-0b87-4727-badc-bc1297faa3a3",
          "nameSingular": "calendarEvent",
          "namePlural": "calendarEvents",
          "shortcut": null,
          "isCustom": false,
          "isRemote": false,
          "isActive": true,
          "isSystem": true,
          "isUIReadOnly": true,
          "isSearchable": false,
          "isLabelSyncedWithName": false,
          "createdAt": "2025-10-05T21:35:37.313Z",
          "updatedAt": "2025-10-05T21:35:37.313Z",
          "labelIdentifierFieldMetadataId": "4e9fb3f4-23ea-4267-8c89-c23b725b111d",
          "imageIdentifierFieldMetadataId": null,
          "labelSingular": "Calendar event",
          "labelPlural": "Calendar events",
          "description": "Calendar events",
          "icon": "IconCalendar"
        }
      },
      {
        "node": {
          "id": "e4b6ddb1-3761-4797-a52e-a4a6e9513f1c",
          "nameSingular": "favorite",
          "namePlural": "favorites",
          "shortcut": null,
          "isCustom": false,
          "isRemote": false,
          "isActive": true,
          "isSystem": true,
          "isUIReadOnly": false,
          "isSearchable": false,
          "isLabelSyncedWithName": false,
          "createdAt": "2025-10-05T21:35:37.313Z",
          "updatedAt": "2025-10-05T21:35:37.313Z",
          "labelIdentifierFieldMetadataId": "d948d9ef-ad63-459b-9113-d782d2b43909",
          "imageIdentifierFieldMetadataId": null,
          "labelSingular": "Favorite",
          "labelPlural": "Favorites",
          "description": "A favorite that can be accessed from the left menu",
          "icon": "IconHeart"
        }
      },
      {
        "node": {
          "id": "df6009ff-a01f-4d81-b42b-3d9fe1c7877a",
          "nameSingular": "task",
          "namePlural": "tasks",
          "shortcut": "T",
          "isCustom": false,
          "isRemote": false,
          "isActive": true,
          "isSystem": false,
          "isUIReadOnly": false,
          "isSearchable": true,
          "isLabelSyncedWithName": false,
          "createdAt": "2025-10-05T21:35:37.313Z",
          "updatedAt": "2025-10-05T21:35:37.313Z",
          "labelIdentifierFieldMetadataId": "d28dafdd-f127-4699-8699-862efebb42ed",
          "imageIdentifierFieldMetadataId": null,
          "labelSingular": "Task",
          "labelPlural": "Tasks",
          "description": "A task",
          "icon": "IconCheckbox"
        }
      },
      {
        "node": {
          "id": "dc7fb186-d235-4530-a01c-71444587ed37",
          "nameSingular": "upcomingEvent",
          "namePlural": "upcomingEvents",
          "shortcut": null,
          "isCustom": true,
          "isRemote": false,
          "isActive": true,
          "isSystem": false,
          "isUIReadOnly": false,
          "isSearchable": true,
          "isLabelSyncedWithName": true,
          "createdAt": "2025-10-05T23:15:17.165Z",
          "updatedAt": "2025-10-05T23:17:01.376Z",
          "labelIdentifierFieldMetadataId": "65804cbb-a2eb-4fa9-acf7-9e0ebebfc1e9",
          "imageIdentifierFieldMetadataId": null,
          "labelSingular": "Upcoming Event",
          "labelPlural": "Upcoming Events",
          "description": "",
          "icon": "IconMapPin"
        }
      },
      {
        "node": {
          "id": "d823219a-c9b8-4493-8e3d-819db9260935",
          "nameSingular": "viewGroup",
          "namePlural": "viewGroups",
          "shortcut": null,
          "isCustom": false,
          "isRemote": false,
          "isActive": true,
          "isSystem": true,
          "isUIReadOnly": false,
          "isSearchable": false,
          "isLabelSyncedWithName": false,
          "createdAt": "2025-10-05T21:35:37.313Z",
          "updatedAt": "2025-10-05T21:35:37.313Z",
          "labelIdentifierFieldMetadataId": "7a3f6ffb-54a8-411d-8874-4ff005894a57",
          "imageIdentifierFieldMetadataId": null,
          "labelSingular": "View Group",
          "labelPlural": "View Groups",
          "description": "(System) View Groups",
          "icon": "IconTag"
        }
      },
      {
        "node": {
          "id": "d6eba7e4-03e6-4cd9-b3f4-9853bf745eba",
          "nameSingular": "favoriteFolder",
          "namePlural": "favoriteFolders",
          "shortcut": null,
          "isCustom": false,
          "isRemote": false,
          "isActive": true,
          "isSystem": true,
          "isUIReadOnly": false,
          "isSearchable": false,
          "isLabelSyncedWithName": false,
          "createdAt": "2025-10-05T21:35:37.313Z",
          "updatedAt": "2025-10-05T21:35:37.313Z",
          "labelIdentifierFieldMetadataId": "c4dc801c-01c4-4803-b353-4b011cb5ab8b",
          "imageIdentifierFieldMetadataId": null,
          "labelSingular": "Favorite Folder",
          "labelPlural": "Favorite Folders",
          "description": "A Folder of favorites",
          "icon": "IconFolder"
        }
      },
      {
        "node": {
          "id": "d6130dc5-01cd-43f2-b3b8-4dc4c7cfffe7",
          "nameSingular": "note",
          "namePlural": "notes",
          "shortcut": "N",
          "isCustom": false,
          "isRemote": false,
          "isActive": true,
          "isSystem": false,
          "isUIReadOnly": false,
          "isSearchable": true,
          "isLabelSyncedWithName": false,
          "createdAt": "2025-10-05T21:35:37.313Z",
          "updatedAt": "2025-10-05T21:35:37.313Z",
          "labelIdentifierFieldMetadataId": "a707b3d7-c314-4fae-892e-495aa9450a3b",
          "imageIdentifierFieldMetadataId": null,
          "labelSingular": "Note",
          "labelPlural": "Notes",
          "description": "A note",
          "icon": "IconNotes"
        }
      },
      {
        "node": {
          "id": "d23154fc-46b5-4fe4-95fc-cf9b528ac03c",
          "nameSingular": "connectedAccount",
          "namePlural": "connectedAccounts",
          "shortcut": null,
          "isCustom": false,
          "isRemote": false,
          "isActive": true,
          "isSystem": true,
          "isUIReadOnly": false,
          "isSearchable": false,
          "isLabelSyncedWithName": false,
          "createdAt": "2025-10-05T21:35:37.313Z",
          "updatedAt": "2025-10-05T21:35:37.313Z",
          "labelIdentifierFieldMetadataId": "285d7443-a676-4e20-a041-141fd0f735e1",
          "imageIdentifierFieldMetadataId": null,
          "labelSingular": "Connected Account",
          "labelPlural": "Connected Accounts",
          "description": "A connected account",
          "icon": "IconAt"
        }
      },
      {
        "node": {
          "id": "cb399033-5300-4e5d-87eb-e1694c8a3ee5",
          "nameSingular": "job",
          "namePlural": "jobs",
          "shortcut": null,
          "isCustom": true,
          "isRemote": false,
          "isActive": true,
          "isSystem": false,
          "isUIReadOnly": false,
          "isSearchable": true,
          "isLabelSyncedWithName": true,
          "createdAt": "2025-10-06T02:37:41.937Z",
          "updatedAt": "2025-10-06T02:45:29.052Z",
          "labelIdentifierFieldMetadataId": "cfb6b2f4-e795-4919-8426-75d5c11837a3",
          "imageIdentifierFieldMetadataId": null,
          "labelSingular": "Job",
          "labelPlural": "Jobs",
          "description": "",
          "icon": "IconBriefcase2"
        }
      },
      {
        "node": {
          "id": "c5854a70-c414-47eb-b981-59c6a3fca4c1",
          "nameSingular": "workflowAutomatedTrigger",
          "namePlural": "workflowAutomatedTriggers",
          "shortcut": null,
          "isCustom": false,
          "isRemote": false,
          "isActive": true,
          "isSystem": true,
          "isUIReadOnly": false,
          "isSearchable": false,
          "isLabelSyncedWithName": false,
          "createdAt": "2025-10-05T21:35:37.313Z",
          "updatedAt": "2025-10-05T21:35:37.313Z",
          "labelIdentifierFieldMetadataId": "0f7a7bba-b681-4932-adbe-4d912c0b6591",
          "imageIdentifierFieldMetadataId": null,
          "labelSingular": "WorkflowAutomatedTrigger",
          "labelPlural": "WorkflowAutomatedTriggers",
          "description": "A workflow automated trigger",
          "icon": "IconSettingsAutomation"
        }
      },
      {
        "node": {
          "id": "b4238aa8-bc1c-4296-b576-23e967558f5d",
          "nameSingular": "messageChannel",
          "namePlural": "messageChannels",
          "shortcut": null,
          "isCustom": false,
          "isRemote": false,
          "isActive": true,
          "isSystem": true,
          "isUIReadOnly": false,
          "isSearchable": false,
          "isLabelSyncedWithName": false,
          "createdAt": "2025-10-05T21:35:37.313Z",
          "updatedAt": "2025-10-05T21:35:37.313Z",
          "labelIdentifierFieldMetadataId": "e61197dd-5aec-4272-8a88-37b13847c9eb",
          "imageIdentifierFieldMetadataId": null,
          "labelSingular": "Message Channel",
          "labelPlural": "Message Channels",
          "description": "Message Channels",
          "icon": "IconMessage"
        }
      },
      {
        "node": {
          "id": "a85abf3e-cc37-4418-90bc-026d2f3e09cd",
          "nameSingular": "document",
          "namePlural": "documents",
          "shortcut": null,
          "isCustom": true,
          "isRemote": false,
          "isActive": true,
          "isSystem": false,
          "isUIReadOnly": false,
          "isSearchable": true,
          "isLabelSyncedWithName": true,
          "createdAt": "2025-10-09T18:38:10.477Z",
          "updatedAt": "2025-10-09T18:38:10.477Z",
          "labelIdentifierFieldMetadataId": "62bc0376-6b93-4a15-ae55-3513834a8287",
          "imageIdentifierFieldMetadataId": null,
          "labelSingular": "Document",
          "labelPlural": "Documents",
          "description": "",
          "icon": "IconListNumbers"
        }
      },
      {
        "node": {
          "id": "a029721a-8a21-4cb3-9d67-858ef16d1705",
          "nameSingular": "calendarEventParticipant",
          "namePlural": "calendarEventParticipants",
          "shortcut": null,
          "isCustom": false,
          "isRemote": false,
          "isActive": true,
          "isSystem": true,
          "isUIReadOnly": false,
          "isSearchable": false,
          "isLabelSyncedWithName": false,
          "createdAt": "2025-10-05T21:35:37.313Z",
          "updatedAt": "2025-10-05T21:35:37.313Z",
          "labelIdentifierFieldMetadataId": "0088cd7d-2c99-48ca-879a-ffe0a476c2bb",
          "imageIdentifierFieldMetadataId": null,
          "labelSingular": "Calendar event participant",
          "labelPlural": "Calendar event participants",
          "description": "Calendar event participants",
          "icon": "IconCalendar"
        }
      },
      {
        "node": {
          "id": "9fb04497-561e-4932-8204-88ca4c3892e6",
          "nameSingular": "workflowRun",
          "namePlural": "workflowRuns",
          "shortcut": null,
          "isCustom": false,
          "isRemote": false,
          "isActive": true,
          "isSystem": false,
          "isUIReadOnly": true,
          "isSearchable": false,
          "isLabelSyncedWithName": false,
          "createdAt": "2025-10-05T21:35:37.313Z",
          "updatedAt": "2025-10-05T21:35:37.313Z",
          "labelIdentifierFieldMetadataId": "1c7f14b9-353f-4158-b3c3-2da304fa5749",
          "imageIdentifierFieldMetadataId": null,
          "labelSingular": "Workflow Run",
          "labelPlural": "Workflow Runs",
          "description": "A workflow run",
          "icon": "IconHistoryToggle"
        }
      },
      {
        "node": {
          "id": "9c9ac979-69da-4959-bd08-2de96d0493e8",
          "nameSingular": "person",
          "namePlural": "people",
          "shortcut": "P",
          "isCustom": false,
          "isRemote": false,
          "isActive": true,
          "isSystem": false,
          "isUIReadOnly": false,
          "isSearchable": true,
          "isLabelSyncedWithName": false,
          "createdAt": "2025-10-05T21:35:37.313Z",
          "updatedAt": "2025-10-05T21:35:37.313Z",
          "labelIdentifierFieldMetadataId": "1e798173-1556-492e-b089-2fd4140eef68",
          "imageIdentifierFieldMetadataId": "36d92a3f-afee-4f68-824b-36ea21e82696",
          "labelSingular": "Person",
          "labelPlural": "People",
          "description": "A person",
          "icon": "IconUser"
        }
      },
      {
        "node": {
          "id": "9c6d5c1a-ce99-4843-b772-2d985e96f84d",
          "nameSingular": "opportunity",
          "namePlural": "opportunities",
          "shortcut": "O",
          "isCustom": false,
          "isRemote": false,
          "isActive": true,
          "isSystem": false,
          "isUIReadOnly": false,
          "isSearchable": true,
          "isLabelSyncedWithName": false,
          "createdAt": "2025-10-05T21:35:37.313Z",
          "updatedAt": "2025-10-05T21:35:37.313Z",
          "labelIdentifierFieldMetadataId": "9360adc6-e378-4125-b5bc-04c2d5405987",
          "imageIdentifierFieldMetadataId": null,
          "labelSingular": "Opportunity",
          "labelPlural": "Opportunities",
          "description": "An opportunity",
          "icon": "IconTargetArrow"
        }
      },
      {
        "node": {
          "id": "9aea9528-5b28-46e7-b3f9-bc78599877cc",
          "nameSingular": "messageParticipant",
          "namePlural": "messageParticipants",
          "shortcut": null,
          "isCustom": false,
          "isRemote": false,
          "isActive": true,
          "isSystem": true,
          "isUIReadOnly": false,
          "isSearchable": false,
          "isLabelSyncedWithName": false,
          "createdAt": "2025-10-05T21:35:37.313Z",
          "updatedAt": "2025-10-05T21:35:37.313Z",
          "labelIdentifierFieldMetadataId": "71c9bb1b-444a-45bc-812f-6e0459877782",
          "imageIdentifierFieldMetadataId": null,
          "labelSingular": "Message Participant",
          "labelPlural": "Message Participants",
          "description": "Message Participants",
          "icon": "IconUserCircle"
        }
      },
      {
        "node": {
          "id": "978f69ca-f44d-4158-8ae0-4c4006c47a1d",
          "nameSingular": "inbox",
          "namePlural": "inboxes",
          "shortcut": null,
          "isCustom": true,
          "isRemote": false,
          "isActive": true,
          "isSystem": false,
          "isUIReadOnly": false,
          "isSearchable": true,
          "isLabelSyncedWithName": true,
          "createdAt": "2025-10-06T02:29:40.967Z",
          "updatedAt": "2025-10-06T02:29:40.967Z",
          "labelIdentifierFieldMetadataId": "1d572830-1797-49f4-ab07-2dbbe77d02fa",
          "imageIdentifierFieldMetadataId": null,
          "labelSingular": "Inbox",
          "labelPlural": "Inboxes",
          "description": "Internal Notifications System",
          "icon": "IconInbox"
        }
      },
      {
        "node": {
          "id": "926815cb-2928-4435-ae62-ded41133611a",
          "nameSingular": "workflowVersion",
          "namePlural": "workflowVersions",
          "shortcut": null,
          "isCustom": false,
          "isRemote": false,
          "isActive": true,
          "isSystem": false,
          "isUIReadOnly": true,
          "isSearchable": false,
          "isLabelSyncedWithName": false,
          "createdAt": "2025-10-05T21:35:37.313Z",
          "updatedAt": "2025-10-05T21:35:37.313Z",
          "labelIdentifierFieldMetadataId": "817646ce-22e6-4164-9d08-bae2d287fdf2",
          "imageIdentifierFieldMetadataId": null,
          "labelSingular": "Workflow Version",
          "labelPlural": "Workflow Versions",
          "description": "A workflow version",
          "icon": "IconVersions"
        }
      },
      {
        "node": {
          "id": "80ad89db-8beb-4d75-929d-677802900f7b",
          "nameSingular": "viewSort",
          "namePlural": "viewSorts",
          "shortcut": null,
          "isCustom": false,
          "isRemote": false,
          "isActive": true,
          "isSystem": true,
          "isUIReadOnly": false,
          "isSearchable": false,
          "isLabelSyncedWithName": false,
          "createdAt": "2025-10-05T21:35:37.313Z",
          "updatedAt": "2025-10-05T21:35:37.313Z",
          "labelIdentifierFieldMetadataId": "1d78f6e4-8197-407d-a472-f745469dbd25",
          "imageIdentifierFieldMetadataId": null,
          "labelSingular": "View Sort",
          "labelPlural": "View Sorts",
          "description": "(System) View Sorts",
          "icon": "IconArrowsSort"
        }
      },
      {
        "node": {
          "id": "78b8fa0a-f379-4c5a-9248-b4518b551d06",
          "nameSingular": "view",
          "namePlural": "views",
          "shortcut": null,
          "isCustom": false,
          "isRemote": false,
          "isActive": true,
          "isSystem": true,
          "isUIReadOnly": false,
          "isSearchable": false,
          "isLabelSyncedWithName": false,
          "createdAt": "2025-10-05T21:35:37.313Z",
          "updatedAt": "2025-10-05T21:35:37.313Z",
          "labelIdentifierFieldMetadataId": "85460b54-3083-495d-81a4-6aa12c466651",
          "imageIdentifierFieldMetadataId": null,
          "labelSingular": "View",
          "labelPlural": "Views",
          "description": "(System) Views",
          "icon": "IconLayoutCollage"
        }
      },
      {
        "node": {
          "id": "751c8232-78c1-4a1a-a48a-e639d02f7a04",
          "nameSingular": "attachment",
          "namePlural": "attachments",
          "shortcut": null,
          "isCustom": false,
          "isRemote": false,
          "isActive": true,
          "isSystem": true,
          "isUIReadOnly": false,
          "isSearchable": false,
          "isLabelSyncedWithName": false,
          "createdAt": "2025-10-05T21:35:37.313Z",
          "updatedAt": "2025-10-05T21:35:37.313Z",
          "labelIdentifierFieldMetadataId": "090380ee-92d3-4568-92df-b27b24d7ef39",
          "imageIdentifierFieldMetadataId": null,
          "labelSingular": "Attachment",
          "labelPlural": "Attachments",
          "description": "An attachment",
          "icon": "IconFileImport"
        }
      },
      {
        "node": {
          "id": "73187b19-8bd9-4f53-8057-f19ed8399293",
          "nameSingular": "calendarChannel",
          "namePlural": "calendarChannels",
          "shortcut": null,
          "isCustom": false,
          "isRemote": false,
          "isActive": true,
          "isSystem": true,
          "isUIReadOnly": false,
          "isSearchable": false,
          "isLabelSyncedWithName": false,
          "createdAt": "2025-10-05T21:35:37.313Z",
          "updatedAt": "2025-10-05T21:35:37.313Z",
          "labelIdentifierFieldMetadataId": "1c63b51a-2a11-4109-b104-2ea6ec0412f0",
          "imageIdentifierFieldMetadataId": null,
          "labelSingular": "Calendar Channel",
          "labelPlural": "Calendar Channels",
          "description": "Calendar Channels",
          "icon": "IconCalendar"
        }
      },
      {
        "node": {
          "id": "66471767-dd9b-4f96-9539-1ead486fb0f3",
          "nameSingular": "calendarChannelEventAssociation",
          "namePlural": "calendarChannelEventAssociations",
          "shortcut": null,
          "isCustom": false,
          "isRemote": false,
          "isActive": true,
          "isSystem": true,
          "isUIReadOnly": false,
          "isSearchable": false,
          "isLabelSyncedWithName": false,
          "createdAt": "2025-10-05T21:35:37.313Z",
          "updatedAt": "2025-10-05T21:35:37.313Z",
          "labelIdentifierFieldMetadataId": "207449f1-6ff7-4ae6-a48e-2e419d386788",
          "imageIdentifierFieldMetadataId": null,
          "labelSingular": "Calendar Channel Event Association",
          "labelPlural": "Calendar Channel Event Associations",
          "description": "Calendar Channel Event Associations",
          "icon": "IconCalendar"
        }
      },
      {
        "node": {
          "id": "5fe62977-4e8d-4b53-a3d0-0d39b15dfafa",
          "nameSingular": "noteTarget",
          "namePlural": "noteTargets",
          "shortcut": null,
          "isCustom": false,
          "isRemote": false,
          "isActive": true,
          "isSystem": true,
          "isUIReadOnly": false,
          "isSearchable": false,
          "isLabelSyncedWithName": false,
          "createdAt": "2025-10-05T21:35:37.313Z",
          "updatedAt": "2025-10-05T21:35:37.313Z",
          "labelIdentifierFieldMetadataId": "9a928a66-4ce8-498b-8777-aaaf299c7eaa",
          "imageIdentifierFieldMetadataId": null,
          "labelSingular": "Note Target",
          "labelPlural": "Note Targets",
          "description": "A note target",
          "icon": "IconCheckbox"
        }
      },
      {
        "node": {
          "id": "5b2a9ebf-4faf-49e6-aa2c-c880dc90f107",
          "nameSingular": "viewField",
          "namePlural": "viewFields",
          "shortcut": null,
          "isCustom": false,
          "isRemote": false,
          "isActive": true,
          "isSystem": true,
          "isUIReadOnly": false,
          "isSearchable": false,
          "isLabelSyncedWithName": false,
          "createdAt": "2025-10-05T21:35:37.313Z",
          "updatedAt": "2025-10-05T21:35:37.313Z",
          "labelIdentifierFieldMetadataId": "58214fe0-48ef-4897-b673-70cbacda1782",
          "imageIdentifierFieldMetadataId": null,
          "labelSingular": "View Field",
          "labelPlural": "View Fields",
          "description": "(System) View Fields",
          "icon": "IconTag"
        }
      },
      {
        "node": {
          "id": "4dad8b4d-5400-4f3d-940a-a4313daa3286",
          "nameSingular": "viewFilterGroup",
          "namePlural": "viewFilterGroups",
          "shortcut": null,
          "isCustom": false,
          "isRemote": false,
          "isActive": true,
          "isSystem": true,
          "isUIReadOnly": false,
          "isSearchable": false,
          "isLabelSyncedWithName": false,
          "createdAt": "2025-10-05T21:35:37.313Z",
          "updatedAt": "2025-10-05T21:35:37.313Z",
          "labelIdentifierFieldMetadataId": "b049c618-e36c-46cc-9ff2-cdb880313409",
          "imageIdentifierFieldMetadataId": null,
          "labelSingular": "View Filter Group",
          "labelPlural": "View Filter Groups",
          "description": "(System) View Filter Groups",
          "icon": "IconFilterBolt"
        }
      },
      {
        "node": {
          "id": "3ff08084-3a1b-46df-a4c1-d2bfd5054f3c",
          "nameSingular": "viewFilter",
          "namePlural": "viewFilters",
          "shortcut": null,
          "isCustom": false,
          "isRemote": false,
          "isActive": true,
          "isSystem": true,
          "isUIReadOnly": false,
          "isSearchable": false,
          "isLabelSyncedWithName": false,
          "createdAt": "2025-10-05T21:35:37.313Z",
          "updatedAt": "2025-10-05T21:35:37.313Z",
          "labelIdentifierFieldMetadataId": "3b3999cf-9106-4368-baed-c02a0157b33c",
          "imageIdentifierFieldMetadataId": null,
          "labelSingular": "View Filter",
          "labelPlural": "View Filters",
          "description": "(System) View Filters",
          "icon": "IconFilterBolt"
        }
      },
      {
        "node": {
          "id": "3e6ed10f-f37c-4f98-b4f9-b71b3a4f0d1a",
          "nameSingular": "timelineActivity",
          "namePlural": "timelineActivities",
          "shortcut": null,
          "isCustom": false,
          "isRemote": false,
          "isActive": true,
          "isSystem": true,
          "isUIReadOnly": false,
          "isSearchable": false,
          "isLabelSyncedWithName": false,
          "createdAt": "2025-10-05T21:35:37.313Z",
          "updatedAt": "2025-10-05T21:35:37.313Z",
          "labelIdentifierFieldMetadataId": "e59c0a83-55fd-422b-9691-588e3345e5c4",
          "imageIdentifierFieldMetadataId": null,
          "labelSingular": "Timeline Activity",
          "labelPlural": "Timeline Activities",
          "description": "Aggregated / filtered event to be displayed on the timeline",
          "icon": "IconTimelineEvent"
        }
      },
      {
        "node": {
          "id": "3abeaa17-4aa2-4b92-ac57-beee01866c8d",
          "nameSingular": "taskTarget",
          "namePlural": "taskTargets",
          "shortcut": null,
          "isCustom": false,
          "isRemote": false,
          "isActive": true,
          "isSystem": true,
          "isUIReadOnly": false,
          "isSearchable": false,
          "isLabelSyncedWithName": false,
          "createdAt": "2025-10-05T21:35:37.313Z",
          "updatedAt": "2025-10-05T21:35:37.313Z",
          "labelIdentifierFieldMetadataId": "af873087-d087-4fc1-83a3-70d18a2a8f5c",
          "imageIdentifierFieldMetadataId": null,
          "labelSingular": "Task Target",
          "labelPlural": "Task Targets",
          "description": "A task target",
          "icon": "IconCheckbox"
        }
      },
      {
        "node": {
          "id": "3a5f61a0-1f2b-4d37-bca0-2e5296e4cb0b",
          "nameSingular": "blocklist",
          "namePlural": "blocklists",
          "shortcut": null,
          "isCustom": false,
          "isRemote": false,
          "isActive": true,
          "isSystem": true,
          "isUIReadOnly": false,
          "isSearchable": false,
          "isLabelSyncedWithName": false,
          "createdAt": "2025-10-05T21:35:37.313Z",
          "updatedAt": "2025-10-05T21:35:37.313Z",
          "labelIdentifierFieldMetadataId": "f301ebde-9e4a-4a4d-9b64-f84a59d236be",
          "imageIdentifierFieldMetadataId": null,
          "labelSingular": "Blocklist",
          "labelPlural": "Blocklists",
          "description": "Blocklist",
          "icon": "IconForbid2"
        }
      },
      {
        "node": {
          "id": "37a88be3-23fd-481f-8de5-31ac2034a112",
          "nameSingular": "messageChannelMessageAssociation",
          "namePlural": "messageChannelMessageAssociations",
          "shortcut": null,
          "isCustom": false,
          "isRemote": false,
          "isActive": true,
          "isSystem": true,
          "isUIReadOnly": false,
          "isSearchable": false,
          "isLabelSyncedWithName": false,
          "createdAt": "2025-10-05T21:35:37.313Z",
          "updatedAt": "2025-10-05T21:35:37.313Z",
          "labelIdentifierFieldMetadataId": "a8eee2f5-5d3e-4f71-8289-56111f1378cb",
          "imageIdentifierFieldMetadataId": null,
          "labelSingular": "Message Channel Message Association",
          "labelPlural": "Message Channel Message Associations",
          "description": "Message Synced with a Message Channel",
          "icon": "IconMessage"
        }
      },
      {
        "node": {
          "id": "23a02344-6ae5-4959-88d1-f3c19130777d",
          "nameSingular": "company",
          "namePlural": "companies",
          "shortcut": "C",
          "isCustom": false,
          "isRemote": false,
          "isActive": true,
          "isSystem": false,
          "isUIReadOnly": false,
          "isSearchable": true,
          "isLabelSyncedWithName": false,
          "createdAt": "2025-10-05T21:35:37.313Z",
          "updatedAt": "2025-10-05T21:35:37.313Z",
          "labelIdentifierFieldMetadataId": "96c9ecd5-6e5d-465c-afe3-8574fa213424",
          "imageIdentifierFieldMetadataId": null,
          "labelSingular": "Company",
          "labelPlural": "Companies",
          "description": "A company",
          "icon": "IconBuildingSkyscraper"
        }
      },
      {
        "node": {
          "id": "21fafc60-f98c-44fa-bf98-ef5aaa387c74",
          "nameSingular": "message",
          "namePlural": "messages",
          "shortcut": null,
          "isCustom": false,
          "isRemote": false,
          "isActive": true,
          "isSystem": true,
          "isUIReadOnly": false,
          "isSearchable": false,
          "isLabelSyncedWithName": false,
          "createdAt": "2025-10-05T21:35:37.313Z",
          "updatedAt": "2025-10-05T21:35:37.313Z",
          "labelIdentifierFieldMetadataId": "b33ef99b-5e29-4ec4-af10-aa24bcf5b53d",
          "imageIdentifierFieldMetadataId": null,
          "labelSingular": "Message",
          "labelPlural": "Messages",
          "description": "A message sent or received through a messaging channel (email, chat, etc.)",
          "icon": "IconMessage"
        }
      },
      {
        "node": {
          "id": "19f6995f-670f-4e10-909f-2c1891a71ac5",
          "nameSingular": "messageFolder",
          "namePlural": "messageFolders",
          "shortcut": null,
          "isCustom": false,
          "isRemote": false,
          "isActive": true,
          "isSystem": true,
          "isUIReadOnly": false,
          "isSearchable": false,
          "isLabelSyncedWithName": false,
          "createdAt": "2025-10-05T21:35:37.313Z",
          "updatedAt": "2025-10-05T21:35:37.313Z",
          "labelIdentifierFieldMetadataId": "9daad752-bf52-4762-a17e-cc9b1d717d8f",
          "imageIdentifierFieldMetadataId": null,
          "labelSingular": "Message Folder",
          "labelPlural": "Message Folders",
          "description": "Folder for Message Channel",
          "icon": "IconFolder"
        }
      },
      {
        "node": {
          "id": "17e55b84-5cc1-4fba-9c8e-c83401aaa7a8",
          "nameSingular": "messageThread",
          "namePlural": "messageThreads",
          "shortcut": null,
          "isCustom": false,
          "isRemote": false,
          "isActive": true,
          "isSystem": true,
          "isUIReadOnly": false,
          "isSearchable": false,
          "isLabelSyncedWithName": false,
          "createdAt": "2025-10-05T21:35:37.313Z",
          "updatedAt": "2025-10-05T21:35:37.313Z",
          "labelIdentifierFieldMetadataId": "e1d98309-d652-4052-b86c-079960f999f7",
          "imageIdentifierFieldMetadataId": null,
          "labelSingular": "Message Thread",
          "labelPlural": "Message Threads",
          "description": "A group of related messages (e.g. email thread, chat thread)",
          "icon": "IconMessage"
        }
      },
      {
        "node": {
          "id": "12c0c942-be97-4991-86ab-b2e6d4a3e224",
          "nameSingular": "email",
          "namePlural": "emails",
          "shortcut": null,
          "isCustom": true,
          "isRemote": false,
          "isActive": true,
          "isSystem": false,
          "isUIReadOnly": false,
          "isSearchable": true,
          "isLabelSyncedWithName": true,
          "createdAt": "2025-10-05T22:38:23.940Z",
          "updatedAt": "2025-10-05T23:17:53.634Z",
          "labelIdentifierFieldMetadataId": "aab1c458-d1cf-4ff8-a020-4d00fda3d329",
          "imageIdentifierFieldMetadataId": null,
          "labelSingular": "Email",
          "labelPlural": "Emails",
          "description": "Emails and their attachments",
          "icon": "IconMail"
        }
      }
    ]
  }
}

--------------------------------------------------------------------------------
≡ƒôè Object Statistics:
--------------------------------------------------------------------------------
Total Objects: 39
Custom Objects: 5
Standard Objects: 34
System Objects: 26
Active Objects: 39
Inactive Objects: 0

--------------------------------------------------------------------------------
≡ƒöì Sample Objects by Category:
--------------------------------------------------------------------------------

≡ƒôî System Objects (first 5):
  - Workspace Member (workspaceMember)
    isCustom: false, isSystem: true, isActive: true
  - Calendar event (calendarEvent)
    isCustom: false, isSystem: true, isActive: true
  - Favorite (favorite)
    isCustom: false, isSystem: true, isActive: true
  - View Group (viewGroup)
    isCustom: false, isSystem: true, isActive: true
  - Favorite Folder (favoriteFolder)
    isCustom: false, isSystem: true, isActive: true

≡ƒôî Standard (Non-System) Objects (first 5):
  - Workflow (workflow)
    isCustom: false, isSystem: false, isActive: true
  - Task (task)
    isCustom: false, isSystem: false, isActive: true
  - Note (note)
    isCustom: false, isSystem: false, isActive: true
  - Workflow Run (workflowRun)
    isCustom: false, isSystem: false, isActive: true
  - Person (person)
    isCustom: false, isSystem: false, isActive: true

≡ƒôî Custom Objects:
  - Upcoming Event (upcomingEvent)
    isCustom: true, isSystem: false, isActive: true
  - Job (job)
    isCustom: true, isSystem: false, isActive: true
  - Document (document)
    isCustom: true, isSystem: false, isActive: true
  - Inbox (inbox)
    isCustom: true, isSystem: false, isActive: true
  - Email (email)
    isCustom: true, isSystem: false, isActive: true

--------------------------------------------------------------------------------
≡ƒÆí Grouping Strategy Insights:
--------------------------------------------------------------------------------

Based on the API response, we can group resources as follows:

1. ALL RESOURCES: Show all objects (39 total)
   
2. SYSTEM RESOURCES: isSystem === true (26 objects)
   - These are internal databases that Twenty doesn't show to users by default
   - Examples: workspaceMember, calendarEvent, favorite
   
3. STANDARD RESOURCES: !isCustom && !isSystem (8 objects)
   - User-facing standard Twenty objects
   - Examples: workflow, task, note
   
4. CUSTOM RESOURCES: isCustom === true (5 objects)
   - User-created custom objects
   - Examples: upcomingEvent, job, document

5. INACTIVE RESOURCES: isActive === false (0 objects)
   - Hidden/deactivated objects
   - None found
        

================================================================================
TEST 2: GraphQL Introspection - Discover All Object Fields
================================================================================


≡ƒöù Making request to: https://twenty.envisicapital.com/metadata
≡ƒô¥ Protocol: HTTPS
≡ƒôí Response Status: 200 OK
≡ƒôÑ Response received (2126 bytes)
≡ƒôï All Available Fields on Object Type:
{
  "__type": {
    "name": "Object",
    "fields": [
      {
        "name": "id",
        "type": {
          "name": null,
          "kind": "NON_NULL"
        },
        "description": null
      },
      {
        "name": "nameSingular",
        "type": {
          "name": null,
          "kind": "NON_NULL"
        },
        "description": null
      },
      {
        "name": "namePlural",
        "type": {
          "name": null,
          "kind": "NON_NULL"
        },
        "description": null
      },
      {
        "name": "labelSingular",
        "type": {
          "name": null,
          "kind": "NON_NULL"
        },
        "description": null
      },
      {
        "name": "labelPlural",
        "type": {
          "name": null,
          "kind": "NON_NULL"
        },
        "description": null
      },
      {
        "name": "description",
        "type": {
          "name": "String",
          "kind": "SCALAR"
        },
        "description": null
      },
      {
        "name": "icon",
        "type": {
          "name": "String",
          "kind": "SCALAR"
        },
        "description": null
      },
      {
        "name": "standardOverrides",
        "type": {
          "name": "ObjectStandardOverrides",
          "kind": "OBJECT"
        },
        "description": null
      },
      {
        "name": "shortcut",
        "type": {
          "name": "String",
          "kind": "SCALAR"
        },
        "description": null
      },
      {
        "name": "isCustom",
        "type": {
          "name": null,
          "kind": "NON_NULL"
        },
        "description": null
      },
      {
        "name": "isRemote",
        "type": {
          "name": null,
          "kind": "NON_NULL"
        },
        "description": null
      },
      {
        "name": "isActive",
        "type": {
          "name": null,
          "kind": "NON_NULL"
        },
        "description": null
      },
      {
        "name": "isSystem",
        "type": {
          "name": null,
          "kind": "NON_NULL"
        },
        "description": null
      },
      {
        "name": "isUIReadOnly",
        "type": {
          "name": null,
          "kind": "NON_NULL"
        },
        "description": null
      },
      {
        "name": "isSearchable",
        "type": {
          "name": null,
          "kind": "NON_NULL"
        },
        "description": null
      },
      {
        "name": "createdAt",
        "type": {
          "name": null,
          "kind": "NON_NULL"
        },
        "description": null
      },
      {
        "name": "updatedAt",
        "type": {
          "name": null,
          "kind": "NON_NULL"
        },
        "description": null
      },
      {
        "name": "labelIdentifierFieldMetadataId",
        "type": {
          "name": "UUID",
          "kind": "SCALAR"
        },
        "description": null
      },
      {
        "name": "imageIdentifierFieldMetadataId",
        "type": {
          "name": "UUID",
          "kind": "SCALAR"
        },
        "description": null
      },
      {
        "name": "isLabelSyncedWithName",
        "type": {
          "name": null,
          "kind": "NON_NULL"
        },
        "description": null
      },
      {
        "name": "duplicateCriteria",
        "type": {
          "name": null,
          "kind": "LIST"
        },
        "description": null
      },
      {
        "name": "fieldsList",
        "type": {
          "name": null,
          "kind": "NON_NULL"
        },
        "description": null
      },
      {
        "name": "indexMetadataList",
        "type": {
          "name": null,
          "kind": "NON_NULL"
        },
        "description": null
      },
      {
        "name": "fields",
        "type": {
          "name": null,
          "kind": "NON_NULL"
        },
        "description": null
      },
      {
        "name": "indexMetadatas",
        "type": {
          "name": null,
          "kind": "NON_NULL"
        },
        "description": null
      }
    ]
  }
}

--------------------------------------------------------------------------------
≡ƒôè Field Summary:
--------------------------------------------------------------------------------
  - id: NON_NULL
  - nameSingular: NON_NULL
  - namePlural: NON_NULL
  - labelSingular: NON_NULL
  - labelPlural: NON_NULL
  - description: String
  - icon: String
  - standardOverrides: ObjectStandardOverrides
  - shortcut: String
  - isCustom: NON_NULL
  - isRemote: NON_NULL
  - isActive: NON_NULL
  - isSystem: NON_NULL
  - isUIReadOnly: NON_NULL
  - isSearchable: NON_NULL
  - createdAt: NON_NULL
  - updatedAt: NON_NULL
  - labelIdentifierFieldMetadataId: UUID
  - imageIdentifierFieldMetadataId: UUID
  - isLabelSyncedWithName: NON_NULL
  - duplicateCriteria: LIST
  - fieldsList: NON_NULL
  - indexMetadataList: NON_NULL
  - fields: NON_NULL
  - indexMetadatas: NON_NULL

================================================================================
Γ£à Tests Complete!
================================================================================

Next Steps:
1. Review the output above to see what grouping properties are available
2. Update the Resource Group implementation based on findings
3. Consider using isSystem property for System Resources group
4. Consider filtering out inactive objects (isActive === false)
